14:29:27 **** Incremental Build of configuration Debug for project 4ch_Relay ****
make -j12 all 
arm-none-eabi-gcc "../Core/Src/main.c" -mcpu=cortex-m4 -std=gnu11 -g3 -DDEBUG -DUSE_HAL_DRIVER -DSTM32F446xx -c -I../Core/Inc -I../Drivers/STM32F4xx_HAL_Driver/Inc -I../Drivers/STM32F4xx_HAL_Driver/Inc/Legacy -I../Drivers/CMSIS/Device/ST/STM32F4xx/Include -I../Drivers/CMSIS/Include -O0 -ffunction-sections -fdata-sections -Wall -fstack-usage -fcyclomatic-complexity -MMD -MP -MF"Core/Src/main.d" -MT"Core/Src/main.o" --specs=nano.specs -mfpu=fpv4-sp-d16 -mfloat-abi=hard -mthumb -o "Core/Src/main.o"
arm-none-eabi-gcc -o "4ch_Relay.elf" @"objects.list"   -mcpu=cortex-m4 -T"/home/brati/STM32CubeIDE/workspace_1.12.0/4ch_Relay/STM32F446RETX_FLASH.ld" --specs=nosys.specs -Wl,-Map="4ch_Relay.map" -Wl,--gc-sections -static --specs=nano.specs -mfpu=fpv4-sp-d16 -mfloat-abi=hard -mthumb -Wl,--start-group -lc -lm -Wl,--end-group
Finished building target: 4ch_Relay.elf
 
arm-none-eabi-size   4ch_Relay.elf 
arm-none-eabi-objdump -h -S  4ch_Relay.elf  > "4ch_Relay.list"
   text	   data	    bss	    dec	    hex	filename
   6884	     20	   1572	   8476	   211c	4ch_Relay.elf
Finished building: default.size.stdout
 
Finished building: 4ch_Relay.list
 

14:29:28 Build Finished. 0 errors, 0 warnings. (took 372ms)

