16:20:29 **** Incremental Build of configuration Debug for project Fire_sensor ****
make -j12 all 
arm-none-eabi-gcc "../Core/Src/main.c" -mcpu=cortex-m4 -std=gnu11 -g3 -DDEBUG -DUSE_HAL_DRIVER -DSTM32F446xx -c -I../Core/Inc -I../Drivers/STM32F4xx_HAL_Driver/Inc -I../Drivers/STM32F4xx_HAL_Driver/Inc/Legacy -I../Drivers/CMSIS/Device/ST/STM32F4xx/Include -I../Drivers/CMSIS/Include -O0 -ffunction-sections -fdata-sections -Wall -fstack-usage -fcyclomatic-complexity -MMD -MP -MF"Core/Src/main.d" -MT"Core/Src/main.o" --specs=nano.specs -mfpu=fpv4-sp-d16 -mfloat-abi=hard -mthumb -o "Core/Src/main.o"
arm-none-eabi-gcc -o "Fire_sensor.elf" @"objects.list"   -mcpu=cortex-m4 -T"/home/brati/STM32CubeIDE/workspace_1.12.0/Fire_sensor/STM32F446RETX_FLASH.ld" --specs=nosys.specs -Wl,-Map="Fire_sensor.map" -Wl,--gc-sections -static --specs=nano.specs -mfpu=fpv4-sp-d16 -mfloat-abi=hard -mthumb -Wl,--start-group -lc -lm -Wl,--end-group
Finished building target: Fire_sensor.elf
 
arm-none-eabi-size   Fire_sensor.elf 
arm-none-eabi-objdump -h -S  Fire_sensor.elf  > "Fire_sensor.list"
   text	   data	    bss	    dec	    hex	filename
   6832	     20	   1572	   8424	   20e8	Fire_sensor.elf
Finished building: default.size.stdout
 
Finished building: Fire_sensor.list
 

16:20:29 Build Finished. 0 errors, 0 warnings. (took 325ms)

