19:13:07 **** Incremental Build of configuration Debug for project FReeeeee RTOS ****
make -j12 all 
arm-none-eabi-gcc "../Third_Party/FreeRTOS/portable/MemMang/heap_4.c" -mcpu=cortex-m4 -std=gnu11 -g3 -DDEBUG -DUSE_HAL_DRIVER -DSTM32F446xx -c -I../Core/Inc -I"/home/brati/STM32CubeIDE/workspace_1.12.0/FReeeeee RTOS/Third_Party/FreeRTOS/Config" -I"/home/brati/STM32CubeIDE/workspace_1.12.0/FReeeeee RTOS/Third_Party/FreeRTOS/include" -I"/home/brati/STM32CubeIDE/workspace_1.12.0/FReeeeee RTOS/Third_Party/FreeRTOS/portable/GCC/ARM_CM4F" -I../Drivers/STM32F4xx_HAL_Driver/Inc -I../Drivers/STM32F4xx_HAL_Driver/Inc/Legacy -I../Drivers/CMSIS/Device/ST/STM32F4xx/Include -I../Drivers/CMSIS/Include -O0 -ffunction-sections -fdata-sections -Wall -fstack-usage -fcyclomatic-complexity -MMD -MP -MF"Third_Party/FreeRTOS/portable/MemMang/heap_4.d" -MT"Third_Party/FreeRTOS/portable/MemMang/heap_4.o" --specs=nano.specs -mfpu=fpv4-sp-d16 -mfloat-abi=hard -mthumb -o "Third_Party/FreeRTOS/portable/MemMang/heap_4.o"
arm-none-eabi-gcc "../Third_Party/FreeRTOS/portable/GCC/ARM_CM4F/port.c" -mcpu=cortex-m4 -std=gnu11 -g3 -DDEBUG -DUSE_HAL_DRIVER -DSTM32F446xx -c -I../Core/Inc -I"/home/brati/STM32CubeIDE/workspace_1.12.0/FReeeeee RTOS/Third_Party/FreeRTOS/Config" -I"/home/brati/STM32CubeIDE/workspace_1.12.0/FReeeeee RTOS/Third_Party/FreeRTOS/include" -I"/home/brati/STM32CubeIDE/workspace_1.12.0/FReeeeee RTOS/Third_Party/FreeRTOS/portable/GCC/ARM_CM4F" -I../Drivers/STM32F4xx_HAL_Driver/Inc -I../Drivers/STM32F4xx_HAL_Driver/Inc/Legacy -I../Drivers/CMSIS/Device/ST/STM32F4xx/Include -I../Drivers/CMSIS/Include -O0 -ffunction-sections -fdata-sections -Wall -fstack-usage -fcyclomatic-complexity -MMD -MP -MF"Third_Party/FreeRTOS/portable/GCC/ARM_CM4F/port.d" -MT"Third_Party/FreeRTOS/portable/GCC/ARM_CM4F/port.o" --specs=nano.specs -mfpu=fpv4-sp-d16 -mfloat-abi=hard -mthumb -o "Third_Party/FreeRTOS/portable/GCC/ARM_CM4F/port.o"
arm-none-eabi-gcc "../Third_Party/FreeRTOS/croutine.c" -mcpu=cortex-m4 -std=gnu11 -g3 -DDEBUG -DUSE_HAL_DRIVER -DSTM32F446xx -c -I../Core/Inc -I"/home/brati/STM32CubeIDE/workspace_1.12.0/FReeeeee RTOS/Third_Party/FreeRTOS/Config" -I"/home/brati/STM32CubeIDE/workspace_1.12.0/FReeeeee RTOS/Third_Party/FreeRTOS/include" -I"/home/brati/STM32CubeIDE/workspace_1.12.0/FReeeeee RTOS/Third_Party/FreeRTOS/portable/GCC/ARM_CM4F" -I../Drivers/STM32F4xx_HAL_Driver/Inc -I../Drivers/STM32F4xx_HAL_Driver/Inc/Legacy -I../Drivers/CMSIS/Device/ST/STM32F4xx/Include -I../Drivers/CMSIS/Include -O0 -ffunction-sections -fdata-sections -Wall -fstack-usage -fcyclomatic-complexity -MMD -MP -MF"Third_Party/FreeRTOS/croutine.d" -MT"Third_Party/FreeRTOS/croutine.o" --specs=nano.specs -mfpu=fpv4-sp-d16 -mfloat-abi=hard -mthumb -o "Third_Party/FreeRTOS/croutine.o"
arm-none-eabi-gcc "../Third_Party/FreeRTOS/event_groups.c" -mcpu=cortex-m4 -std=gnu11 -g3 -DDEBUG -DUSE_HAL_DRIVER -DSTM32F446xx -c -I../Core/Inc -I"/home/brati/STM32CubeIDE/workspace_1.12.0/FReeeeee RTOS/Third_Party/FreeRTOS/Config" -I"/home/brati/STM32CubeIDE/workspace_1.12.0/FReeeeee RTOS/Third_Party/FreeRTOS/include" -I"/home/brati/STM32CubeIDE/workspace_1.12.0/FReeeeee RTOS/Third_Party/FreeRTOS/portable/GCC/ARM_CM4F" -I../Drivers/STM32F4xx_HAL_Driver/Inc -I../Drivers/STM32F4xx_HAL_Driver/Inc/Legacy -I../Drivers/CMSIS/Device/ST/STM32F4xx/Include -I../Drivers/CMSIS/Include -O0 -ffunction-sections -fdata-sections -Wall -fstack-usage -fcyclomatic-complexity -MMD -MP -MF"Third_Party/FreeRTOS/event_groups.d" -MT"Third_Party/FreeRTOS/event_groups.o" --specs=nano.specs -mfpu=fpv4-sp-d16 -mfloat-abi=hard -mthumb -o "Third_Party/FreeRTOS/event_groups.o"
arm-none-eabi-gcc "../Third_Party/FreeRTOS/list.c" -mcpu=cortex-m4 -std=gnu11 -g3 -DDEBUG -DUSE_HAL_DRIVER -DSTM32F446xx -c -I../Core/Inc -I"/home/brati/STM32CubeIDE/workspace_1.12.0/FReeeeee RTOS/Third_Party/FreeRTOS/Config" -I"/home/brati/STM32CubeIDE/workspace_1.12.0/FReeeeee RTOS/Third_Party/FreeRTOS/include" -I"/home/brati/STM32CubeIDE/workspace_1.12.0/FReeeeee RTOS/Third_Party/FreeRTOS/portable/GCC/ARM_CM4F" -I../Drivers/STM32F4xx_HAL_Driver/Inc -I../Drivers/STM32F4xx_HAL_Driver/Inc/Legacy -I../Drivers/CMSIS/Device/ST/STM32F4xx/Include -I../Drivers/CMSIS/Include -O0 -ffunction-sections -fdata-sections -Wall -fstack-usage -fcyclomatic-complexity -MMD -MP -MF"Third_Party/FreeRTOS/list.d" -MT"Third_Party/FreeRTOS/list.o" --specs=nano.specs -mfpu=fpv4-sp-d16 -mfloat-abi=hard -mthumb -o "Third_Party/FreeRTOS/list.o"
arm-none-eabi-gcc "../Third_Party/FreeRTOS/queue.c" -mcpu=cortex-m4 -std=gnu11 -g3 -DDEBUG -DUSE_HAL_DRIVER -DSTM32F446xx -c -I../Core/Inc -I"/home/brati/STM32CubeIDE/workspace_1.12.0/FReeeeee RTOS/Third_Party/FreeRTOS/Config" -I"/home/brati/STM32CubeIDE/workspace_1.12.0/FReeeeee RTOS/Third_Party/FreeRTOS/include" -I"/home/brati/STM32CubeIDE/workspace_1.12.0/FReeeeee RTOS/Third_Party/FreeRTOS/portable/GCC/ARM_CM4F" -I../Drivers/STM32F4xx_HAL_Driver/Inc -I../Drivers/STM32F4xx_HAL_Driver/Inc/Legacy -I../Drivers/CMSIS/Device/ST/STM32F4xx/Include -I../Drivers/CMSIS/Include -O0 -ffunction-sections -fdata-sections -Wall -fstack-usage -fcyclomatic-complexity -MMD -MP -MF"Third_Party/FreeRTOS/queue.d" -MT"Third_Party/FreeRTOS/queue.o" --specs=nano.specs -mfpu=fpv4-sp-d16 -mfloat-abi=hard -mthumb -o "Third_Party/FreeRTOS/queue.o"
arm-none-eabi-gcc "../Third_Party/FreeRTOS/stream_buffer.c" -mcpu=cortex-m4 -std=gnu11 -g3 -DDEBUG -DUSE_HAL_DRIVER -DSTM32F446xx -c -I../Core/Inc -I"/home/brati/STM32CubeIDE/workspace_1.12.0/FReeeeee RTOS/Third_Party/FreeRTOS/Config" -I"/home/brati/STM32CubeIDE/workspace_1.12.0/FReeeeee RTOS/Third_Party/FreeRTOS/include" -I"/home/brati/STM32CubeIDE/workspace_1.12.0/FReeeeee RTOS/Third_Party/FreeRTOS/portable/GCC/ARM_CM4F" -I../Drivers/STM32F4xx_HAL_Driver/Inc -I../Drivers/STM32F4xx_HAL_Driver/Inc/Legacy -I../Drivers/CMSIS/Device/ST/STM32F4xx/Include -I../Drivers/CMSIS/Include -O0 -ffunction-sections -fdata-sections -Wall -fstack-usage -fcyclomatic-complexity -MMD -MP -MF"Third_Party/FreeRTOS/stream_buffer.d" -MT"Third_Party/FreeRTOS/stream_buffer.o" --specs=nano.specs -mfpu=fpv4-sp-d16 -mfloat-abi=hard -mthumb -o "Third_Party/FreeRTOS/stream_buffer.o"
arm-none-eabi-gcc "../Third_Party/FreeRTOS/tasks.c" -mcpu=cortex-m4 -std=gnu11 -g3 -DDEBUG -DUSE_HAL_DRIVER -DSTM32F446xx -c -I../Core/Inc -I"/home/brati/STM32CubeIDE/workspace_1.12.0/FReeeeee RTOS/Third_Party/FreeRTOS/Config" -I"/home/brati/STM32CubeIDE/workspace_1.12.0/FReeeeee RTOS/Third_Party/FreeRTOS/include" -I"/home/brati/STM32CubeIDE/workspace_1.12.0/FReeeeee RTOS/Third_Party/FreeRTOS/portable/GCC/ARM_CM4F" -I../Drivers/STM32F4xx_HAL_Driver/Inc -I../Drivers/STM32F4xx_HAL_Driver/Inc/Legacy -I../Drivers/CMSIS/Device/ST/STM32F4xx/Include -I../Drivers/CMSIS/Include -O0 -ffunction-sections -fdata-sections -Wall -fstack-usage -fcyclomatic-complexity -MMD -MP -MF"Third_Party/FreeRTOS/tasks.d" -MT"Third_Party/FreeRTOS/tasks.o" --specs=nano.specs -mfpu=fpv4-sp-d16 -mfloat-abi=hard -mthumb -o "Third_Party/FreeRTOS/tasks.o"
arm-none-eabi-gcc "../Third_Party/FreeRTOS/timers.c" -mcpu=cortex-m4 -std=gnu11 -g3 -DDEBUG -DUSE_HAL_DRIVER -DSTM32F446xx -c -I../Core/Inc -I"/home/brati/STM32CubeIDE/workspace_1.12.0/FReeeeee RTOS/Third_Party/FreeRTOS/Config" -I"/home/brati/STM32CubeIDE/workspace_1.12.0/FReeeeee RTOS/Third_Party/FreeRTOS/include" -I"/home/brati/STM32CubeIDE/workspace_1.12.0/FReeeeee RTOS/Third_Party/FreeRTOS/portable/GCC/ARM_CM4F" -I../Drivers/STM32F4xx_HAL_Driver/Inc -I../Drivers/STM32F4xx_HAL_Driver/Inc/Legacy -I../Drivers/CMSIS/Device/ST/STM32F4xx/Include -I../Drivers/CMSIS/Include -O0 -ffunction-sections -fdata-sections -Wall -fstack-usage -fcyclomatic-complexity -MMD -MP -MF"Third_Party/FreeRTOS/timers.d" -MT"Third_Party/FreeRTOS/timers.o" --specs=nano.specs -mfpu=fpv4-sp-d16 -mfloat-abi=hard -mthumb -o "Third_Party/FreeRTOS/timers.o"
arm-none-eabi-gcc "../Core/Src/main.c" -mcpu=cortex-m4 -std=gnu11 -g3 -DDEBUG -DUSE_HAL_DRIVER -DSTM32F446xx -c -I../Core/Inc -I"/home/brati/STM32CubeIDE/workspace_1.12.0/FReeeeee RTOS/Third_Party/FreeRTOS/Config" -I"/home/brati/STM32CubeIDE/workspace_1.12.0/FReeeeee RTOS/Third_Party/FreeRTOS/include" -I"/home/brati/STM32CubeIDE/workspace_1.12.0/FReeeeee RTOS/Third_Party/FreeRTOS/portable/GCC/ARM_CM4F" -I../Drivers/STM32F4xx_HAL_Driver/Inc -I../Drivers/STM32F4xx_HAL_Driver/Inc/Legacy -I../Drivers/CMSIS/Device/ST/STM32F4xx/Include -I../Drivers/CMSIS/Include -O0 -ffunction-sections -fdata-sections -Wall -fstack-usage -fcyclomatic-complexity -MMD -MP -MF"Core/Src/main.d" -MT"Core/Src/main.o" --specs=nano.specs -mfpu=fpv4-sp-d16 -mfloat-abi=hard -mthumb -o "Core/Src/main.o"
arm-none-eabi-gcc -o "FReeeeee RTOS.elf" @"objects.list"   -mcpu=cortex-m4 -T"/home/brati/STM32CubeIDE/workspace_1.12.0/FReeeeee RTOS/STM32F446RETX_FLASH.ld" --specs=nosys.specs -Wl,-Map="FReeeeee RTOS.map" -Wl,--gc-sections -static --specs=nano.specs -mfpu=fpv4-sp-d16 -mfloat-abi=hard -mthumb -Wl,--start-group -lc -lm -Wl,--end-group
Finished building target: FReeeeee RTOS.elf
 
arm-none-eabi-size   FReeeeee\ RTOS.elf 
arm-none-eabi-objdump -h -S  FReeeeee\ RTOS.elf  > "FReeeeee RTOS.list"
   text	   data	    bss	    dec	    hex	filename
  16156	    128	  78760	  95044	  17344	FReeeeee RTOS.elf
Finished building: default.size.stdout
 
Finished building: FReeeeee RTOS.list
 

19:13:08 Build Finished. 0 errors, 0 warnings. (took 486ms)

